// Jest Snapshot v1, https://goo.gl/fbAQLP

exports[`<Warning /> should render 1`] = `
<div
  className="warning"
>
  Foo
</div>
`;
